cycles = 1   energy = 125   smiles = hhhcchhh
cycles = 15   energy = -75.98   smiles = hhhcchhh
cycles = 25   energy = -502.76   smiles = hhhcchhh
cycles = 26   energy = 0.00   smiles = hhhcchhh
cycles = 34   energy = -1.2   smiles = hhhcchhh
cycles = 62   energy = -302.14   smiles = hhhcchhh
cycles = 79   energy = 125.325   smiles = hhhcchhh
cycles = 97   energy = -125.00   smiles = hhhcchhh
